// Jest Snapshot v1, https://goo.gl/fbAQLP

exports[`matches snapshot 1`] = `
<div
  data-testid="grid"
>
  <h1>
    Word Boggle !!
  </h1>
  <div
    className="squarecontainer"
  >
    <div
      className="row"
    >
      <div
        className="square"
        data-testid="square"
      >
        A
      </div>
      <div
        className="square"
        data-testid="square"
      >
        B
      </div>
      <div
        className="square"
        data-testid="square"
      >
        c
      </div>
      <div
        className="square"
        data-testid="square"
      >
        d
      </div>
    </div>
    <div
      className="row"
    >
      <div
        className="square"
        data-testid="square"
      >
        A
      </div>
      <div
        className="square"
        data-testid="square"
      >
        B
      </div>
      <div
        className="square"
        data-testid="square"
      >
        c
      </div>
      <div
        className="square"
        data-testid="square"
      >
        d
      </div>
    </div>
    <div
      className="row"
    >
      <div
        className="square"
        data-testid="square"
      >
        A
      </div>
      <div
        className="square"
        data-testid="square"
      >
        B
      </div>
      <div
        className="square"
        data-testid="square"
      >
        c
      </div>
      <div
        className="square"
        data-testid="square"
      >
        d
      </div>
    </div>
    <div
      className="row"
    >
      <div
        className="square"
        data-testid="square"
      >
        A
      </div>
      <div
        className="square"
        data-testid="square"
      >
        B
      </div>
      <div
        className="square"
        data-testid="square"
      >
        c
      </div>
      <div
        className="square"
        data-testid="square"
      >
        d
      </div>
    </div>
  </div>
</div>
`;
